[dotenv@17.2.3] injecting env (13) from .env -- tip: 🔑 add access controls to secrets: https://dotenvx.com/ops
[Database] Connected to SQLite: /Volumes/Projects/TheNexus/nexus.db
!!! UNCAUGHT EXCEPTION !!! Error: listen EADDRINUSE: address already in use :::4000
    at Server.setupListenHandle [as _listen2] (node:net:1937:16)
    at listenInCluster (node:net:1994:12)
    at Server.listen (node:net:2099:7)
    at Object.<anonymous> (/Volumes/Projects/TheNexus/server/server.js:205:8)
    at Module._compile (node:internal/modules/cjs/loader:1723:14)
    at Object..js (node:internal/modules/cjs/loader:1888:10)
    at Module.load (node:internal/modules/cjs/loader:1458:32)
    at Function._load (node:internal/modules/cjs/loader:1275:12)
    at TracingChannel.traceSync (node:diagnostics_channel:322:14)
    at wrapModuleLoad (node:internal/modules/cjs/loader:234:24) {
  code: 'EADDRINUSE',
  errno: -48,
  syscall: 'listen',
  address: '::',
  port: 4000
}
[PraxisStream] connected to Praxis /stream
